// Jest Snapshot v1, https://goo.gl/fbAQLP

exports[`Renders the Background correctly to the DOM should match snapShot 1`] = `
<div
  className="Foreground__Layout-ieRzSl bKizyj"
>
  <div
    className="Character__Layout-bdFJdW lbsWfW"
  >
    <img
      alt=""
      className="Character__Speech-eSrpZz eBgjjc"
      src="/Users/quochungle/Dropbox/Sites/Learning/node/YDKJS/mario/src/components/static/imgs/speech-bubble.gif"
    />
    <img
      alt="Mario Charactor"
      className="Character__Mario-kSBfOl bFPqMa"
      size={60}
      src="/Users/quochungle/Dropbox/Sites/Learning/node/YDKJS/mario/src/components/static/imgs/Mario.svg"
    />
  </div>
</div>
`;
